
> student-records-system@1.0.0 build
> prisma generate && next build

Environment variables loaded from .env
Prisma schema loaded from prisma\schema.prisma

Γ£ö Generated Prisma Client (v5.22.0) to .\node_modules\@prisma\client in 134ms

Start by importing your Prisma Client (See: https://pris.ly/d/importing-client)

Tip: Want real-time updates to your database without manual polling? Discover how with Pulse: https://pris.ly/tip-0-pulse

  Γû▓ Next.js 14.2.35
  - Environments: .env

   Creating an optimized production build ...
node.exe : 
At line:1 char:1
+ & "C:\Program Fil
es\nodejs/node.exe"
 "C:\Program Files\
nodejs/node_mo ...
+ ~~~~~~~~~~~~~~~~~
~~~~~~~~~~~~~~~~~~~
~~~~~~~~~~~~~~~~~~~
~~~~~~~~~~~~~~
    + CategoryInfo 
             : No  
  tSpecified: (:   
 String) [], Re    
moteException
    + FullyQualifi 
   edErrorId : Na  
  tiveCommandErr   
 or
 
> Build error 
occurred
Error: Page config 
in D:\studentrecord
\student-records-sy
stem\src\app/api/up
load/route.ts is 
deprecated. 
Replace `export 
const config=ΓÇª` 
with the following:
Visit https://nextj
s.org/docs/app/api-
reference/file-conv
entions/route-segme
nt-config for more 
information.
    at 
getPageStaticInfo (
D:\studentrecord\st
udent-records-syste
m\node_modules\next
\dist\build\analysi
s\get-page-static-i
nfo.js:427:27)
    at async getSta
ticInfoIncludingLay
outs (D:\studentrec
ord\student-records
-system\node_module
s\next\dist\build\e
ntries.js:108:28)
    at async D:\stu
dentrecord\student-
records-system\node
_modules\next\dist\
build\entries.js:41
0:32
    at async 
Promise.all (index 
12)
    at async 
Promise.all (index 
0)
    at async 
createEntrypoints (
D:\studentrecord\st
udent-records-syste
m\node_modules\next
\dist\build\entries
.js:550:5)
    at async 
Span.traceAsyncFn (
D:\studentrecord\st
udent-records-syste
m\node_modules\next
\dist\trace\trace.j
s:154:20)
    at async 
webpackBuildImpl (D
:\studentrecord\stu
dent-records-system
\node_modules\next\
dist\build\webpack-
build\impl.js:104:2
5)
    at async 
Object.workerMain (
D:\studentrecord\st
udent-records-syste
m\node_modules\next
\dist\build\webpack
-build\impl.js:330:
20) {
  type: 'Error'
}
